[
  {
    "Value": 18,
    "ParentValue": 17,
    "Text": "hi"
  },
  {
    "Value": 17,
    "Text": "hello"
  }
]